
 RUN  v4.0.18 D:/SVG

 Γ¥» src/lib/engine/generators/generators.test.ts (101 tests | 1 failed) 132ms
     Γ£ô Every registered generator exposes a valid schema 2ms
       Γ£ô renders deterministic SVG with default params 4ms
       Γ£ô handles boundary parameters without crashing 3ms
       Γ£ô exhaustively tests all select and toggle branches to guarantee structural coverage 56ms
       Γ£ô fuzzes schema parameters safely to execute internal logic branches 12ms
       Γ£ô renders deterministic SVG with default params 1ms
       Γ£ô handles boundary parameters without crashing 0ms
       Γ£ô exhaustively tests all select and toggle branches to guarantee structural coverage 1ms
       Γ£ô fuzzes schema parameters safely to execute internal logic branches 0ms
       Γ£ô renders deterministic SVG with default params 0ms
       Γ£ô handles boundary parameters without crashing 0ms
       Γ£ô exhaustively tests all select and toggle branches to guarantee structural coverage 0ms
       Γ£ô fuzzes schema parameters safely to execute internal logic branches 0ms
       Γ£ô renders deterministic SVG with default params 0ms
       Γ£ô handles boundary parameters without crashing 0ms
       Γ£ô exhaustively tests all select and toggle branches to guarantee structural coverage 1ms
       Γ£ô fuzzes schema parameters safely to execute internal logic branches 0ms
       Γ£ô renders deterministic SVG with default params 1ms
       Γ£ô handles boundary parameters without crashing 0ms
       Γ£ô exhaustively tests all select and toggle branches to guarantee structural coverage 1ms
       Γ£ô fuzzes schema parameters safely to execute internal logic branches 0ms
       Γ£ô renders deterministic SVG with default params 1ms
       Γ£ô handles boundary parameters without crashing 0ms
       Γ£ô exhaustively tests all select and toggle branches to guarantee structural coverage 6ms
       Γ£ô fuzzes schema parameters safely to execute internal logic branches 4ms
       Γ£ô renders deterministic SVG with default params 0ms
       Γ£ô handles boundary parameters without crashing 0ms
       Γ£ô exhaustively tests all select and toggle branches to guarantee structural coverage 0ms
       Γ£ô fuzzes schema parameters safely to execute internal logic branches 0ms
       Γ£ô renders deterministic SVG with default params 0ms
       Γ£ô handles boundary parameters without crashing 0ms
       Γ£ô exhaustively tests all select and toggle branches to guarantee structural coverage 0ms
       Γ£ô fuzzes schema parameters safely to execute internal logic branches 0ms
       Γ£ô renders deterministic SVG with default params 0ms
       Γ£ô handles boundary parameters without crashing 0ms
       Γ£ô exhaustively tests all select and toggle branches to guarantee structural coverage 0ms
       Γ£ô fuzzes schema parameters safely to execute internal logic branches 0ms
       Γ£ô renders deterministic SVG with default params 1ms
       Γ£ô handles boundary parameters without crashing 0ms
       Γ£ô exhaustively tests all select and toggle branches to guarantee structural coverage 2ms
       Γ£ô fuzzes schema parameters safely to execute internal logic branches 1ms
       Γ£ô renders deterministic SVG with default params 0ms
       Γ£ô handles boundary parameters without crashing 0ms
       Γ£ô exhaustively tests all select and toggle branches to guarantee structural coverage 0ms
       Γ£ô fuzzes schema parameters safely to execute internal logic branches 0ms
       Γ£ô renders deterministic SVG with default params 1ms
       Γ£ô handles boundary parameters without crashing 1ms
       Γ£ô exhaustively tests all select and toggle branches to guarantee structural coverage 3ms
       Γ£ô fuzzes schema parameters safely to execute internal logic branches 3ms
       ├ù renders deterministic SVG with default params 7ms
       Γ£ô handles boundary parameters without crashing 0ms
       Γ£ô exhaustively tests all select and toggle branches to guarantee structural coverage 0ms
       Γ£ô fuzzes schema parameters safely to execute internal logic branches 0ms
       Γ£ô renders deterministic SVG with default params 0ms
       Γ£ô handles boundary parameters without crashing 0ms
       Γ£ô exhaustively tests all select and toggle branches to guarantee structural coverage 0ms
       Γ£ô fuzzes schema parameters safely to execute internal logic branches 0ms
       Γ£ô renders deterministic SVG with default params 0ms
       Γ£ô handles boundary parameters without crashing 0ms
       Γ£ô exhaustively tests all select and toggle branches to guarantee structural coverage 0ms
       Γ£ô fuzzes schema parameters safely to execute internal logic branches 0ms
       Γ£ô renders deterministic SVG with default params 0ms
       Γ£ô handles boundary parameters without crashing 0ms
       Γ£ô exhaustively tests all select and toggle branches to guarantee structural coverage 0ms
       Γ£ô fuzzes schema parameters safely to execute internal logic branches 0ms
       Γ£ô renders deterministic SVG with default params 0ms
       Γ£ô handles boundary parameters without crashing 0ms
       Γ£ô exhaustively tests all select and toggle branches to guarantee structural coverage 0ms
       Γ£ô fuzzes schema parameters safely to execute internal logic branches 0ms
       Γ£ô renders deterministic SVG with default params 0ms
       Γ£ô handles boundary parameters without crashing 0ms
       Γ£ô exhaustively tests all select and toggle branches to guarantee structural coverage 0ms
       Γ£ô fuzzes schema parameters safely to execute internal logic branches 0ms
       Γ£ô renders deterministic SVG with default params 0ms
       Γ£ô handles boundary parameters without crashing 0ms
       Γ£ô exhaustively tests all select and toggle branches to guarantee structural coverage 1ms
       Γ£ô fuzzes schema parameters safely to execute internal logic branches 1ms
       Γ£ô renders deterministic SVG with default params 0ms
       Γ£ô handles boundary parameters without crashing 0ms
       Γ£ô exhaustively tests all select and toggle branches to guarantee structural coverage 0ms
       Γ£ô fuzzes schema parameters safely to execute internal logic branches 0ms
       Γ£ô renders deterministic SVG with default params 0ms
       Γ£ô handles boundary parameters without crashing 0ms
       Γ£ô exhaustively tests all select and toggle branches to guarantee structural coverage 0ms
       Γ£ô fuzzes schema parameters safely to execute internal logic branches 0ms
       Γ£ô renders deterministic SVG with default params 0ms
       Γ£ô handles boundary parameters without crashing 0ms
       Γ£ô exhaustively tests all select and toggle branches to guarantee structural coverage 1ms
       Γ£ô fuzzes schema parameters safely to execute internal logic branches 0ms
       Γ£ô renders deterministic SVG with default params 0ms
       Γ£ô handles boundary parameters without crashing 0ms
       Γ£ô exhaustively tests all select and toggle branches to guarantee structural coverage 0ms
       Γ£ô fuzzes schema parameters safely to execute internal logic branches 0ms
       Γ£ô renders deterministic SVG with default params 1ms
       Γ£ô handles boundary parameters without crashing 0ms
       Γ£ô exhaustively tests all select and toggle branches to guarantee structural coverage 2ms
       Γ£ô fuzzes schema parameters safely to execute internal logic branches 0ms
       Γ£ô renders deterministic SVG with default params 0ms
       Γ£ô handles boundary parameters without crashing 0ms
       Γ£ô exhaustively tests all select and toggle branches to guarantee structural coverage 0ms
       Γ£ô fuzzes schema parameters safely to execute internal logic branches 0ms

ΓÄ»ΓÄ»ΓÄ»ΓÄ»ΓÄ»ΓÄ»ΓÄ» Failed Tests 1 ΓÄ»ΓÄ»ΓÄ»ΓÄ»ΓÄ»ΓÄ»ΓÄ»

 FAIL  src/lib/engine/generators/generators.test.ts > Dynamic Engine Core Tests > Generator [anim-glitch] > renders deterministic SVG with default params
Error: Snapshot `Dynamic Engine Core Tests > Generator [anim-glitch] > renders deterministic SVG with default params 1` mismatched

- Expected
+ Received

@@ -16,11 +16,11 @@
  				<g filter="url(#glitchFilter-12345)">
  					<g transform-origin="50 50">
  						<animateTransform 
  							attributeName="transform" 
  							type="translate" 
- 							values="-0.8185795728269285; -1.5239946828555084; 1.9694855884179008; 1.852434305388465; -0.857006055145072; 0.7258762044992251; -0.8185795728269285" 
+ 							values="-1.8456179315144594; 0.15511720501517612; 2.3085935792492265; 1.046393970767917; 2.278955408972995; -2.471384256398297; -1.8456179315144594" 
  							dur="0.50s" 
  							repeatCount="indefinite" 
  							calcMode="discrete"
  						/>
  						

 Γ¥» src/lib/engine/generators/generators.test.ts:28:17
     26| 
     27|     // Optional: Snapshot to prevent regression
     28|     expect(svg).toMatchSnapshot();
       |                 ^
     29|    });
     30| 

ΓÄ»ΓÄ»ΓÄ»ΓÄ»ΓÄ»ΓÄ»ΓÄ»ΓÄ»ΓÄ»ΓÄ»ΓÄ»ΓÄ»ΓÄ»ΓÄ»ΓÄ»ΓÄ»ΓÄ»ΓÄ»ΓÄ»ΓÄ»ΓÄ»ΓÄ»ΓÄ»ΓÄ»[1/1]ΓÄ»


  Snapshots  1 failed
 Test Files  1 failed (1)
      Tests  1 failed | 100 passed (101)
   Start at  09:51:37
   Duration  666ms (transform 146ms, setup 0ms, import 405ms, tests 132ms, environment 0ms)

